Archive member included because of file (symbol)

/Users/James/pebble-dev/PebbleSDK-3.0/Pebble/basalt/lib/libpebble.a(tmpZh9nU7pebble.o)
                              src/Tetris.c.9.o (app_event_loop)

Discarded input sections

 .text          0x0000000000000000        0x0 /Users/James/pebble-dev/PebbleSDK-3.0/arm-cs-tools/bin/../lib/gcc/arm-none-eabi/4.7.2/thumb2/crti.o
 .bss           0x0000000000000000        0x0 /Users/James/pebble-dev/PebbleSDK-3.0/arm-cs-tools/bin/../lib/gcc/arm-none-eabi/4.7.2/thumb2/crti.o
 .init          0x0000000000000000        0x4 /Users/James/pebble-dev/PebbleSDK-3.0/arm-cs-tools/bin/../lib/gcc/arm-none-eabi/4.7.2/thumb2/crti.o
 .fini          0x0000000000000000        0x4 /Users/James/pebble-dev/PebbleSDK-3.0/arm-cs-tools/bin/../lib/gcc/arm-none-eabi/4.7.2/thumb2/crti.o
 .text          0x0000000000000000       0xc8 /Users/James/pebble-dev/PebbleSDK-3.0/arm-cs-tools/bin/../lib/gcc/arm-none-eabi/4.7.2/thumb2/crtbegin.o
 .bss           0x0000000000000000       0x1c /Users/James/pebble-dev/PebbleSDK-3.0/arm-cs-tools/bin/../lib/gcc/arm-none-eabi/4.7.2/thumb2/crtbegin.o
 .init_array    0x0000000000000000        0x4 /Users/James/pebble-dev/PebbleSDK-3.0/arm-cs-tools/bin/../lib/gcc/arm-none-eabi/4.7.2/thumb2/crtbegin.o
 .fini_array    0x0000000000000000        0x4 /Users/James/pebble-dev/PebbleSDK-3.0/arm-cs-tools/bin/../lib/gcc/arm-none-eabi/4.7.2/thumb2/crtbegin.o
 .eh_frame      0x0000000000000000        0x0 /Users/James/pebble-dev/PebbleSDK-3.0/arm-cs-tools/bin/../lib/gcc/arm-none-eabi/4.7.2/thumb2/crtbegin.o
 .jcr           0x0000000000000000        0x0 /Users/James/pebble-dev/PebbleSDK-3.0/arm-cs-tools/bin/../lib/gcc/arm-none-eabi/4.7.2/thumb2/crtbegin.o
 .tm_clone_table
                0x0000000000000000        0x0 /Users/James/pebble-dev/PebbleSDK-3.0/arm-cs-tools/bin/../lib/gcc/arm-none-eabi/4.7.2/thumb2/crtbegin.o
 .text          0x0000000000000000        0x0 src/Tetris.c.9.o
 .bss           0x0000000000000000        0x0 src/Tetris.c.9.o
 .rodata.BLOCK_Y_KEY
                0x0000000000000000        0x4 src/Tetris.c.9.o
 .rodata.NEXT_BLOCK_TYPE_KEY
                0x0000000000000000        0x4 src/Tetris.c.9.o
 .rodata.GRID_COL_KEY
                0x0000000000000000        0x4 src/Tetris.c.9.o
 .rodata.GRID_KEY
                0x0000000000000000        0x4 src/Tetris.c.9.o
 .rodata.HIGH_SCORE_KEY
                0x0000000000000000        0x4 src/Tetris.c.9.o
 .rodata.BLOCK_X_KEY
                0x0000000000000000        0x4 src/Tetris.c.9.o
 .rodata.BLOCK_TYPE_KEY
                0x0000000000000000        0x4 src/Tetris.c.9.o
 .rodata.SCORE_KEY
                0x0000000000000000        0x4 src/Tetris.c.9.o
 .rodata.HAS_SAVE_KEY
                0x0000000000000000        0x4 src/Tetris.c.9.o
 .rodata.ROTATION_KEY
                0x0000000000000000        0x4 src/Tetris.c.9.o
 .text          0x0000000000000000        0x0 src/helpers.c.9.o
 .bss           0x0000000000000000        0x0 src/helpers.c.9.o
 .text.find_max_horiz_move
                0x0000000000000000       0x54 src/helpers.c.9.o
 .text          0x0000000000000000        0x0 basalt/appinfo.auto.c.9.o
 .bss           0x0000000000000000        0x0 basalt/appinfo.auto.c.9.o
 .bss           0x0000000000000000        0x0 /Users/James/pebble-dev/PebbleSDK-3.0/Pebble/basalt/lib/libpebble.a(tmpZh9nU7pebble.o)
 .text.accel_data_service_subscribe__deprecated
                0x0000000000000000        0xc /Users/James/pebble-dev/PebbleSDK-3.0/Pebble/basalt/lib/libpebble.a(tmpZh9nU7pebble.o)
 .text.accel_data_service_unsubscribe
                0x0000000000000000        0xc /Users/James/pebble-dev/PebbleSDK-3.0/Pebble/basalt/lib/libpebble.a(tmpZh9nU7pebble.o)
 .text.accel_service_peek
                0x0000000000000000        0xc /Users/James/pebble-dev/PebbleSDK-3.0/Pebble/basalt/lib/libpebble.a(tmpZh9nU7pebble.o)
 .text.accel_service_set_samples_per_update
                0x0000000000000000        0xc /Users/James/pebble-dev/PebbleSDK-3.0/Pebble/basalt/lib/libpebble.a(tmpZh9nU7pebble.o)
 .text.accel_service_set_sampling_rate
                0x0000000000000000        0xc /Users/James/pebble-dev/PebbleSDK-3.0/Pebble/basalt/lib/libpebble.a(tmpZh9nU7pebble.o)
 .text.accel_tap_service_subscribe
                0x0000000000000000        0xc /Users/James/pebble-dev/PebbleSDK-3.0/Pebble/basalt/lib/libpebble.a(tmpZh9nU7pebble.o)
 .text.accel_tap_service_unsubscribe
                0x0000000000000000        0xc /Users/James/pebble-dev/PebbleSDK-3.0/Pebble/basalt/lib/libpebble.a(tmpZh9nU7pebble.o)
 .text.action_bar_layer_legacy2_add_to_window
                0x0000000000000000        0xc /Users/James/pebble-dev/PebbleSDK-3.0/Pebble/basalt/lib/libpebble.a(tmpZh9nU7pebble.o)
 .text.action_bar_layer_legacy2_clear_icon
                0x0000000000000000        0xc /Users/James/pebble-dev/PebbleSDK-3.0/Pebble/basalt/lib/libpebble.a(tmpZh9nU7pebble.o)
 .text.action_bar_layer_legacy2_create
[...]
Memory Configuration

Name             Origin             Length             Attributes
APP              0x0000000000000000 0x0000000000010000 xrw
*default*        0x0000000000000000 0xffffffffffffffff

Linker script and memory map

LOAD /Users/James/pebble-dev/PebbleSDK-3.0/arm-cs-tools/bin/../lib/gcc/arm-none-eabi/4.7.2/thumb2/crti.o
LOAD /Users/James/pebble-dev/PebbleSDK-3.0/arm-cs-tools/bin/../lib/gcc/arm-none-eabi/4.7.2/thumb2/crtbegin.o
LOAD src/Tetris.c.9.o
LOAD src/helpers.c.9.o
LOAD basalt/appinfo.auto.c.9.o
LOAD /Users/James/pebble-dev/PebbleSDK-3.0/Pebble/basalt/lib/libpebble.a
START GROUP
LOAD /Users/James/pebble-dev/PebbleSDK-3.0/arm-cs-tools/bin/../lib/gcc/arm-none-eabi/4.7.2/thumb2/libgcc.a
LOAD /Users/James/pebble-dev/PebbleSDK-3.0/arm-cs-tools/bin/../lib/gcc/arm-none-eabi/4.7.2/../../../../arm-none-eabi/lib/thumb2/libc.a
END GROUP
LOAD /Users/James/pebble-dev/PebbleSDK-3.0/arm-cs-tools/bin/../lib/gcc/arm-none-eabi/4.7.2/thumb2/crtend.o
LOAD /Users/James/pebble-dev/PebbleSDK-3.0/arm-cs-tools/bin/../lib/gcc/arm-none-eabi/4.7.2/thumb2/crtn.o

.header         0x0000000000000000       0x82
 *(.pbl_header)
 .pbl_header    0x0000000000000000       0x82 basalt/appinfo.auto.c.9.o
                0x0000000000000000                __pbl_app_info

.note.gnu.build-id
                0x0000000000000082       0x26
                0x0000000000000082                PROVIDE (BUILD_ID, .)
 *(.note.gnu.build-id)
 *fill*         0x0000000000000082        0x2 
 .note.gnu.build-id
                0x0000000000000084       0x24 linker stubs

.text           0x00000000000000a8     0x1da4
 *(.text)
 .text          0x00000000000000a8       0x14 /Users/James/pebble-dev/PebbleSDK-3.0/Pebble/basalt/lib/libpebble.a(tmpZh9nU7pebble.o)
 *(.text.*)
 .text.window_unload
                0x00000000000000bc       0xc0 src/Tetris.c.9.o
 .text.window_load
                0x000000000000017c      0x2e4 src/Tetris.c.9.o
 .text.restart_after_loss
                0x0000000000000460      0x158 src/Tetris.c.9.o
 .text.drop_block
                0x00000000000005b8      0x370 src/Tetris.c.9.o
 .text.draw_title_pane
                0x0000000000000928       0x6c src/Tetris.c.9.o
 .text.select_long_click_handler
                0x0000000000000994       0x2c src/Tetris.c.9.o
 .text.click_config_provider
                0x00000000000009c0       0x6c src/Tetris.c.9.o
 .text.select_click_handler
                0x0000000000000a2c      0x42c src/Tetris.c.9.o
 .text.back_click_handler
                0x0000000000000e58       0x6c src/Tetris.c.9.o
 .text.app_focus_handler
                0x0000000000000ec4       0x9c src/Tetris.c.9.o
 .text.down_click_handler
                0x0000000000000f60       0xb8 src/Tetris.c.9.o
 .text.up_click_handler
                0x0000000000001018       0xb8 src/Tetris.c.9.o
 .text.game_tick
                0x00000000000010d0       0x50 src/Tetris.c.9.o
 .text.draw_left_pane
                0x0000000000001120       0xf8 src/Tetris.c.9.o
 .text.draw_bg  0x0000000000001218      0x20c src/Tetris.c.9.o
 .text.startup.main
                0x0000000000001424      0x29c src/Tetris.c.9.o
                0x0000000000001424                main
 .text.itoa10   0x00000000000016c0       0x60 src/helpers.c.9.o
                0x00000000000016c0                itoa10
 .text.update_num_layer
                0x0000000000001720       0x16 src/helpers.c.9.o
                0x0000000000001720                update_num_layer
 .text.make_block
                0x0000000000001736       0xaa src/helpers.c.9.o
                0x0000000000001736                make_block
 .text.rotate_block
                0x00000000000017e0      0x30c src/helpers.c.9.o
                0x00000000000017e0                rotate_block
 .text.find_max_drop
                0x0000000000001aec       0x3a src/helpers.c.9.o
                0x0000000000001aec                find_max_drop
 .text.next_block_offset
                0x0000000000001b26       0x2e src/helpers.c.9.o
                0x0000000000001b26                next_block_offset
 .text.app_event_loop
                0x0000000000001b54        0xc /Users/James/pebble-dev/PebbleSDK-3.0/Pebble/basalt/lib/libpebble.a(tmpZh9nU7pebble.o)
                0x0000000000001b54                app_event_loop
 .text.app_log  0x0000000000001b60        0xc /Users/James/pebble-dev/PebbleSDK-3.0/Pebble/basalt/lib/libpebble.a(tmpZh9nU7pebble.o)
                0x0000000000001b60                app_log
 .text.app_timer_register
                0x0000000000001b6c        0xc /Users/James/pebble-dev/PebbleSDK-3.0/Pebble/basalt/lib/libpebble.a(tmpZh9nU7pebble.o)
                0x0000000000001b6c                app_timer_register
 .text.gpath_create
                0x0000000000001b78        0xc /Users/James/pebble-dev/PebbleSDK-3.0/Pebble/basalt/lib/libpebble.a(tmpZh9nU7pebble.o)
                0x0000000000001b78                gpath_create
 .text.gpath_destroy
                0x0000000000001b84        0xc /Users/James/pebble-dev/PebbleSDK-3.0/Pebble/basalt/lib/libpebble.a(tmpZh9nU7pebble.o)
                0x0000000000001b84                gpath_destroy
 .text.graphics_draw_line
                0x0000000000001b90        0xc /Users/James/pebble-dev/PebbleSDK-3.0/Pebble/basalt/lib/libpebble.a(tmpZh9nU7pebble.o)
                0x0000000000001b90                graphics_draw_line
 .text.graphics_draw_rect
                0x0000000000001b9c        0xc /Users/James/pebble-dev/PebbleSDK-3.0/Pebble/basalt/lib/libpebble.a(tmpZh9nU7pebble.o)
                0x0000000000001b9c                graphics_draw_rect
 .text.graphics_fill_rect
                0x0000000000001ba8        0xc /Users/James/pebble-dev/PebbleSDK-3.0/Pebble/basalt/lib/libpebble.a(tmpZh9nU7pebble.o)
                0x0000000000001ba8                graphics_fill_rect
 .text.layer_add_child
                0x0000000000001bb4        0xc /Users/James/pebble-dev/PebbleSDK-3.0/Pebble/basalt/lib/libpebble.a(tmpZh9nU7pebble.o)
                0x0000000000001bb4                layer_add_child
 .text.layer_create
                0x0000000000001bc0        0xc /Users/James/pebble-dev/PebbleSDK-3.0/Pebble/basalt/lib/libpebble.a(tmpZh9nU7pebble.o)
                0x0000000000001bc0                layer_create
 .text.layer_destroy
                0x0000000000001bcc        0xc /Users/James/pebble-dev/PebbleSDK-3.0/Pebble/basalt/lib/libpebble.a(tmpZh9nU7pebble.o)
                0x0000000000001bcc                layer_destroy
 .text.layer_get_bounds
                0x0000000000001bd8        0xc /Users/James/pebble-dev/PebbleSDK-3.0/Pebble/basalt/lib/libpebble.a(tmpZh9nU7pebble.o)
                0x0000000000001bd8                layer_get_bounds
 .text.layer_mark_dirty
                0x0000000000001be4        0xc /Users/James/pebble-dev/PebbleSDK-3.0/Pebble/basalt/lib/libpebble.a(tmpZh9nU7pebble.o)
                0x0000000000001be4                layer_mark_dirty
 .text.layer_remove_from_parent
                0x0000000000001bf0        0xc /Users/James/pebble-dev/PebbleSDK-3.0/Pebble/basalt/lib/libpebble.a(tmpZh9nU7pebble.o)
                0x0000000000001bf0                layer_remove_from_parent
 .text.layer_set_update_proc
                0x0000000000001bfc        0xc /Users/James/pebble-dev/PebbleSDK-3.0/Pebble/basalt/lib/libpebble.a(tmpZh9nU7pebble.o)
                0x0000000000001bfc                layer_set_update_proc
 .text.memset   0x0000000000001c08        0xc /Users/James/pebble-dev/PebbleSDK-3.0/Pebble/basalt/lib/libpebble.a(tmpZh9nU7pebble.o)
                0x0000000000001c08                memset
 .text.persist_exists
                0x0000000000001c14        0xc /Users/James/pebble-dev/PebbleSDK-3.0/Pebble/basalt/lib/libpebble.a(tmpZh9nU7pebble.o)
                0x0000000000001c14                persist_exists
 .text.persist_read_bool
                0x0000000000001c20        0xc /Users/James/pebble-dev/PebbleSDK-3.0/Pebble/basalt/lib/libpebble.a(tmpZh9nU7pebble.o)
                0x0000000000001c20                persist_read_bool
 .text.persist_read_int
                0x0000000000001c2c        0xc /Users/James/pebble-dev/PebbleSDK-3.0/Pebble/basalt/lib/libpebble.a(tmpZh9nU7pebble.o)
                0x0000000000001c2c                persist_read_int
 .text.persist_write_bool
                0x0000000000001c38        0xc /Users/James/pebble-dev/PebbleSDK-3.0/Pebble/basalt/lib/libpebble.a(tmpZh9nU7pebble.o)
                0x0000000000001c38                persist_write_bool
 .text.persist_write_int
                0x0000000000001c44        0xc /Users/James/pebble-dev/PebbleSDK-3.0/Pebble/basalt/lib/libpebble.a(tmpZh9nU7pebble.o)
                0x0000000000001c44                persist_write_int
 .text.rand     0x0000000000001c50        0xc /Users/James/pebble-dev/PebbleSDK-3.0/Pebble/basalt/lib/libpebble.a(tmpZh9nU7pebble.o)
                0x0000000000001c50                rand
 .text.strcat   0x0000000000001c5c        0xc /Users/James/pebble-dev/PebbleSDK-3.0/Pebble/basalt/lib/libpebble.a(tmpZh9nU7pebble.o)
                0x0000000000001c5c                strcat
 .text.window_create
                0x0000000000001c68        0xc /Users/James/pebble-dev/PebbleSDK-3.0/Pebble/basalt/lib/libpebble.a(tmpZh9nU7pebble.o)
                0x0000000000001c68                window_create
 .text.window_destroy
                0x0000000000001c74        0xc /Users/James/pebble-dev/PebbleSDK-3.0/Pebble/basalt/lib/libpebble.a(tmpZh9nU7pebble.o)
                0x0000000000001c74                window_destroy
 .text.window_get_root_layer
                0x0000000000001c80        0xc /Users/James/pebble-dev/PebbleSDK-3.0/Pebble/basalt/lib/libpebble.a(tmpZh9nU7pebble.o)
                0x0000000000001c80                window_get_root_layer
 .text.window_set_click_config_provider
                0x0000000000001c8c        0xc /Users/James/pebble-dev/PebbleSDK-3.0/Pebble/basalt/lib/libpebble.a(tmpZh9nU7pebble.o)
                0x0000000000001c8c                window_set_click_config_provider
 .text.window_set_window_handlers
                0x0000000000001c98        0xc /Users/James/pebble-dev/PebbleSDK-3.0/Pebble/basalt/lib/libpebble.a(tmpZh9nU7pebble.o)
                0x0000000000001c98                window_set_window_handlers
 .text.window_stack_pop
                0x0000000000001ca4        0xc /Users/James/pebble-dev/PebbleSDK-3.0/Pebble/basalt/lib/libpebble.a(tmpZh9nU7pebble.o)
                0x0000000000001ca4                window_stack_pop
 .text.window_stack_push
                0x0000000000001cb0        0xc /Users/James/pebble-dev/PebbleSDK-3.0/Pebble/basalt/lib/libpebble.a(tmpZh9nU7pebble.o)
                0x0000000000001cb0                window_stack_push
 .text.app_focus_service_subscribe
                0x0000000000001cbc        0xc /Users/James/pebble-dev/PebbleSDK-3.0/Pebble/basalt/lib/libpebble.a(tmpZh9nU7pebble.o)
                0x0000000000001cbc                app_focus_service_subscribe
 .text.app_focus_service_unsubscribe
                0x0000000000001cc8        0xc /Users/James/pebble-dev/PebbleSDK-3.0/Pebble/basalt/lib/libpebble.a(tmpZh9nU7pebble.o)
                0x0000000000001cc8                app_focus_service_unsubscribe
 .text.window_long_click_subscribe
                0x0000000000001cd4        0xc /Users/James/pebble-dev/PebbleSDK-3.0/Pebble/basalt/lib/libpebble.a(tmpZh9nU7pebble.o)
                0x0000000000001cd4                window_long_click_subscribe
 .text.window_single_click_subscribe
                0x0000000000001ce0        0xc /Users/James/pebble-dev/PebbleSDK-3.0/Pebble/basalt/lib/libpebble.a(tmpZh9nU7pebble.o)
                0x0000000000001ce0                window_single_click_subscribe
 .text.window_single_repeating_click_subscribe
                0x0000000000001cec        0xc /Users/James/pebble-dev/PebbleSDK-3.0/Pebble/basalt/lib/libpebble.a(tmpZh9nU7pebble.o)
                0x0000000000001cec                window_single_repeating_click_subscribe
 .text.persist_read_data
                0x0000000000001cf8        0xc /Users/James/pebble-dev/PebbleSDK-3.0/Pebble/basalt/lib/libpebble.a(tmpZh9nU7pebble.o)
                0x0000000000001cf8                persist_read_data
 .text.persist_write_data
                0x0000000000001d04        0xc /Users/James/pebble-dev/PebbleSDK-3.0/Pebble/basalt/lib/libpebble.a(tmpZh9nU7pebble.o)
                0x0000000000001d04                persist_write_data
 .text.gpath_draw_filled
                0x0000000000001d10        0xc /Users/James/pebble-dev/PebbleSDK-3.0/Pebble/basalt/lib/libpebble.a(tmpZh9nU7pebble.o)
                0x0000000000001d10                gpath_draw_filled
 .text.graphics_context_set_fill_color
                0x0000000000001d1c        0xc /Users/James/pebble-dev/PebbleSDK-3.0/Pebble/basalt/lib/libpebble.a(tmpZh9nU7pebble.o)
                0x0000000000001d1c                graphics_context_set_fill_color
 .text.graphics_context_set_stroke_color
                0x0000000000001d28        0xc /Users/James/pebble-dev/PebbleSDK-3.0/Pebble/basalt/lib/libpebble.a(tmpZh9nU7pebble.o)
                0x0000000000001d28                graphics_context_set_stroke_color
 .text.text_layer_create
                0x0000000000001d34        0xc /Users/James/pebble-dev/PebbleSDK-3.0/Pebble/basalt/lib/libpebble.a(tmpZh9nU7pebble.o)
                0x0000000000001d34                text_layer_create
 .text.text_layer_destroy
                0x0000000000001d40        0xc /Users/James/pebble-dev/PebbleSDK-3.0/Pebble/basalt/lib/libpebble.a(tmpZh9nU7pebble.o)
                0x0000000000001d40                text_layer_destroy
 .text.text_layer_get_layer
                0x0000000000001d4c        0xc /Users/James/pebble-dev/PebbleSDK-3.0/Pebble/basalt/lib/libpebble.a(tmpZh9nU7pebble.o)
                0x0000000000001d4c                text_layer_get_layer
 .text.text_layer_set_text
                0x0000000000001d58        0xc /Users/James/pebble-dev/PebbleSDK-3.0/Pebble/basalt/lib/libpebble.a(tmpZh9nU7pebble.o)
                0x0000000000001d58                text_layer_set_text
 .text.text_layer_set_text_alignment
                0x0000000000001d64        0xc /Users/James/pebble-dev/PebbleSDK-3.0/Pebble/basalt/lib/libpebble.a(tmpZh9nU7pebble.o)
                0x0000000000001d64                text_layer_set_text_alignment
 *(.rodata)
 .rodata        0x0000000000001d70       0x50 src/Tetris.c.9.o
 *(.rodata*)
 .rodata.str1.1
                0x0000000000001dc0       0x81 src/Tetris.c.9.o
                                         0x82 (size before relaxing)
 .rodata.str1.1
                0x0000000000001e41        0xb src/helpers.c.9.o

.glue_7         0x0000000000001e4c        0x0
 .glue_7        0x0000000000000000        0x0 linker stubs

.glue_7t        0x0000000000001e4c        0x0
 .glue_7t       0x0000000000000000        0x0 linker stubs

.vfp11_veneer   0x0000000000001e4c        0x0
 .vfp11_veneer  0x0000000000000000        0x0 linker stubs

.v4_bx          0x0000000000001e4c        0x0
 .v4_bx         0x0000000000000000        0x0 linker stubs

.iplt           0x0000000000001e4c        0x0
 .iplt          0x0000000000000000        0x0 /Users/James/pebble-dev/PebbleSDK-3.0/arm-cs-tools/bin/../lib/gcc/arm-none-eabi/4.7.2/thumb2/crtbegin.o

.rel.dyn        0x0000000000001e4c        0x0
 .rel.iplt      0x0000000000000000        0x0 /Users/James/pebble-dev/PebbleSDK-3.0/arm-cs-tools/bin/../lib/gcc/arm-none-eabi/4.7.2/thumb2/crtbegin.o

.data           0x0000000000001e4c       0x18
 *(.data)
 .data          0x0000000000001e4c        0x0 /Users/James/pebble-dev/PebbleSDK-3.0/arm-cs-tools/bin/../lib/gcc/arm-none-eabi/4.7.2/thumb2/crti.o
 .data          0x0000000000001e4c        0x4 /Users/James/pebble-dev/PebbleSDK-3.0/arm-cs-tools/bin/../lib/gcc/arm-none-eabi/4.7.2/thumb2/crtbegin.o
                0x0000000000001e4c                __dso_handle
 .data          0x0000000000001e50        0x0 src/Tetris.c.9.o
 .data          0x0000000000001e50        0x0 src/helpers.c.9.o
 .data          0x0000000000001e50        0x0 basalt/appinfo.auto.c.9.o
 .data          0x0000000000001e50        0x0 /Users/James/pebble-dev/PebbleSDK-3.0/Pebble/basalt/lib/libpebble.a(tmpZh9nU7pebble.o)
 .data          0x0000000000001e50        0x0 /Users/James/pebble-dev/PebbleSDK-3.0/arm-cs-tools/bin/../lib/gcc/arm-none-eabi/4.7.2/thumb2/crtend.o
 .data          0x0000000000001e50        0x0 /Users/James/pebble-dev/PebbleSDK-3.0/arm-cs-tools/bin/../lib/gcc/arm-none-eabi/4.7.2/thumb2/crtn.o
 *(.data.*)
 .data.blockX   0x0000000000001e50        0x4 src/Tetris.c.9.o
 .data.nextBlockType
                0x0000000000001e54        0x4 src/Tetris.c.9.o
 .data.blockType
                0x0000000000001e58        0x4 src/Tetris.c.9.o
 .data.blockY   0x0000000000001e5c        0x4 src/Tetris.c.9.o
 .data.level    0x0000000000001e60        0x4 src/Tetris.c.9.o

.igot.plt       0x0000000000001e64        0x0
 .igot.plt      0x0000000000000000        0x0 /Users/James/pebble-dev/PebbleSDK-3.0/arm-cs-tools/bin/../lib/gcc/arm-none-eabi/4.7.2/thumb2/crtbegin.o

.bss            0x0000000000001e64      0x258
 *(.bss)
 *(.bss.*)
 .bss.purple    0x0000000000001e64        0x1 src/Tetris.c.9.o
 *fill*         0x0000000000001e65        0x3 
 .bss.new_game_label_layer
                0x0000000000001e68        0x4 src/Tetris.c.9.o
 .bss.window    0x0000000000001e6c        0x4 src/Tetris.c.9.o
 .bss.lines_cleared
                0x0000000000001e70        0x4 src/Tetris.c.9.o
 .bss.paused    0x0000000000001e74        0x1 src/Tetris.c.9.o
 *fill*         0x0000000000001e75        0x3 
 .bss.level_layer
                0x0000000000001e78        0x4 src/Tetris.c.9.o
 .bss.tick_time
                0x0000000000001e7c        0x4 src/Tetris.c.9.o
 .bss.level_label_layer
                0x0000000000001e80        0x4 src/Tetris.c.9.o
 .bss.high_score_layer
                0x0000000000001e84        0x4 src/Tetris.c.9.o
 .bss.col_map   0x0000000000001e88        0x7 src/Tetris.c.9.o
 *fill*         0x0000000000001e8f        0x1 
 .bss.score_layer
                0x0000000000001e90        0x4 src/Tetris.c.9.o
 .bss.load_choice
                0x0000000000001e94        0x1 src/Tetris.c.9.o
 .bss.gray      0x0000000000001e95        0x1 src/Tetris.c.9.o
 .bss.grid      0x0000000000001e96       0xc8 src/Tetris.c.9.o
 *fill*         0x0000000000001f5e        0x2 
 .bss.selector_path
                0x0000000000001f60        0x4 src/Tetris.c.9.o
 .bss.block     0x0000000000001f64       0x10 src/Tetris.c.9.o
 .bss.nextBlock
                0x0000000000001f74       0x10 src/Tetris.c.9.o
 .bss.s_title_pane_layer
                0x0000000000001f84        0x4 src/Tetris.c.9.o
 .bss.title_layer
                0x0000000000001f88        0x4 src/Tetris.c.9.o
 .bss.grid_col  0x0000000000001f8c       0xc8 src/Tetris.c.9.o
 .bss.rotation  0x0000000000002054        0x4 src/Tetris.c.9.o
 .bss.high_score_buffer
                0x0000000000002058        0xa src/Tetris.c.9.o
 *fill*         0x0000000000002062        0x2 
 .bss.nextBlockX
                0x0000000000002064        0x4 src/Tetris.c.9.o
 .bss.nextBlockY
                0x0000000000002068        0x4 src/Tetris.c.9.o
 .bss.can_load  0x000000000000206c        0x1 src/Tetris.c.9.o
 *fill*         0x000000000000206d        0x3 
 .bss.score_label_layer
                0x0000000000002070        0x4 src/Tetris.c.9.o
 .bss.playing   0x0000000000002074        0x1 src/Tetris.c.9.o
 .bss.scoreStr  0x0000000000002075        0xa src/Tetris.c.9.o
 .bss.blueish   0x000000000000207f        0x1 src/Tetris.c.9.o
 .bss.paused_label_layer
                0x0000000000002080        0x4 src/Tetris.c.9.o
 .bss.lost      0x0000000000002084        0x1 src/Tetris.c.9.o
 .bss.levelStr  0x0000000000002085        0xa src/Tetris.c.9.o
 *fill*         0x000000000000208f        0x1 
 .bss.s_timer   0x0000000000002090        0x4 src/Tetris.c.9.o
 .bss.s_bg_layer
                0x0000000000002094        0x4 src/Tetris.c.9.o
 .bss.high_score_str
                0x0000000000002098       0x16 src/Tetris.c.9.o
 *fill*         0x00000000000020ae        0x2 
 .bss.load_game_label_layer
                0x00000000000020b0        0x4 src/Tetris.c.9.o
 .bss.pauseFromFocus
                0x00000000000020b4        0x1 src/Tetris.c.9.o
 *fill*         0x00000000000020b5        0x3 
 .bss.s_left_pane_layer
                0x00000000000020b8        0x4 src/Tetris.c.9.o

DISCARD
 libc.a(*)
 libm.a(*)
 libgcc.a(*)
 *(.eh_frame)
OUTPUT(/Users/James/development workspaces/pebble/Tetris-PebbleTime/build/basalt/pebble-app.elf elf32-littlearm)

.ARM.attributes
                0x0000000000000000       0x27
 .ARM.attributes
                0x0000000000000000       0x19 /Users/James/pebble-dev/PebbleSDK-3.0/arm-cs-tools/bin/../lib/gcc/arm-none-eabi/4.7.2/thumb2/crti.o
 .ARM.attributes
                0x0000000000000019       0x29 /Users/James/pebble-dev/PebbleSDK-3.0/arm-cs-tools/bin/../lib/gcc/arm-none-eabi/4.7.2/thumb2/crtbegin.o
 .ARM.attributes
                0x0000000000000042       0x33 src/Tetris.c.9.o
 .ARM.attributes
                0x0000000000000075       0x33 src/helpers.c.9.o
 .ARM.attributes
                0x00000000000000a8       0x33 basalt/appinfo.auto.c.9.o
 .ARM.attributes
                0x00000000000000db       0x21 /Users/James/pebble-dev/PebbleSDK-3.0/Pebble/basalt/lib/libpebble.a(tmpZh9nU7pebble.o)
 .ARM.attributes
                0x00000000000000fc       0x29 /Users/James/pebble-dev/PebbleSDK-3.0/arm-cs-tools/bin/../lib/gcc/arm-none-eabi/4.7.2/thumb2/crtend.o
 .ARM.attributes
                0x0000000000000125       0x19 /Users/James/pebble-dev/PebbleSDK-3.0/arm-cs-tools/bin/../lib/gcc/arm-none-eabi/4.7.2/thumb2/crtn.o

.comment        0x0000000000000000       0x4e
 .comment       0x0000000000000000       0x4e /Users/James/pebble-dev/PebbleSDK-3.0/arm-cs-tools/bin/../lib/gcc/arm-none-eabi/4.7.2/thumb2/crtbegin.o
                                         0x4f (size before relaxing)
 .comment       0x0000000000000000       0x4f src/Tetris.c.9.o
 .comment       0x0000000000000000       0x4f src/helpers.c.9.o
 .comment       0x0000000000000000       0x4f basalt/appinfo.auto.c.9.o
 .comment       0x0000000000000000       0x4f /Users/James/pebble-dev/PebbleSDK-3.0/arm-cs-tools/bin/../lib/gcc/arm-none-eabi/4.7.2/thumb2/crtend.o

.debug_info     0x0000000000000000     0x2f4c
 .debug_info    0x0000000000000000     0x2822 src/Tetris.c.9.o
 .debug_info    0x0000000000002822      0x422 src/helpers.c.9.o
 .debug_info    0x0000000000002c44      0x308 basalt/appinfo.auto.c.9.o

.debug_abbrev   0x0000000000000000      0x6e6
 .debug_abbrev  0x0000000000000000      0x43d src/Tetris.c.9.o
 .debug_abbrev  0x000000000000043d      0x20b src/helpers.c.9.o
 .debug_abbrev  0x0000000000000648       0x9e basalt/appinfo.auto.c.9.o

.debug_loc      0x0000000000000000     0x16fe
 .debug_loc     0x0000000000000000      0xbef src/Tetris.c.9.o
 .debug_loc     0x0000000000000bef      0xb0f src/helpers.c.9.o

.debug_aranges  0x0000000000000000      0x100
 .debug_aranges
                0x0000000000000000       0x98 src/Tetris.c.9.o
 .debug_aranges
                0x0000000000000098       0x50 src/helpers.c.9.o
 .debug_aranges
                0x00000000000000e8       0x18 basalt/appinfo.auto.c.9.o

.debug_ranges   0x0000000000000000      0x5f8
 .debug_ranges  0x0000000000000000      0x588 src/Tetris.c.9.o
 .debug_ranges  0x0000000000000588       0x70 src/helpers.c.9.o

.debug_line     0x0000000000000000      0xc02
 .debug_line    0x0000000000000000      0x827 src/Tetris.c.9.o
 .debug_line    0x0000000000000827      0x2aa src/helpers.c.9.o
 .debug_line    0x0000000000000ad1      0x131 basalt/appinfo.auto.c.9.o

.debug_str      0x0000000000000000      0xdc5
 .debug_str     0x0000000000000000      0xb93 src/Tetris.c.9.o
                                        0xc8e (size before relaxing)
 .debug_str     0x0000000000000b93       0x97 src/helpers.c.9.o
                                        0x23e (size before relaxing)
 .debug_str     0x0000000000000c2a      0x19b basalt/appinfo.auto.c.9.o
                                        0x2a3 (size before relaxing)

.debug_frame    0x0000000000000000      0x2bc
 .debug_frame   0x0000000000000000      0x200 src/Tetris.c.9.o
 .debug_frame   0x0000000000000200       0xbc src/helpers.c.9.o
